// Jest Snapshot v1, https://goo.gl/fbAQLP

exports[`Sidebar Component renders correctly and matches the snapshot 1`] = `
<div>
  <nav
    class="MuiBox-root css-0"
  >
    <div
      class="MuiDrawer-root MuiDrawer-docked css-1y32at3-MuiDrawer-docked"
    >
      <div
        class="MuiPaper-root MuiPaper-elevation MuiPaper-elevation0 MuiDrawer-paper MuiDrawer-paperAnchorLeft MuiDrawer-paperAnchorDockedLeft css-12i7wg6-MuiPaper-root-MuiDrawer-paper"
      >
        <div
          class="MuiBox-root css-1n9fze6"
        >
          <div
            class="MuiBox-root css-n8mevj"
          >
            <div
              class="MuiBox-root css-18n9tnh"
            >
              <img
                alt="logo"
                class="MuiBox-root css-10kwszz"
                src="test-file-stub"
              />
            </div>
          </div>
          <ul
            class="MuiList-root MuiList-padding css-h4y409-MuiList-root"
          >
            <li
              class="MuiListItem-root MuiListItem-gutters css-1nxmd3h-MuiListItem-root"
            >
              <div
                class="MuiButtonBase-root MuiListItemButton-root MuiListItemButton-gutters MuiListItemButton-root MuiListItemButton-gutters css-1mfzeo7-MuiButtonBase-root-MuiListItemButton-root"
                role="button"
                tabindex="0"
              >
                <div
                  class="MuiListItemIcon-root css-4dc74k-MuiListItemIcon-root"
                >
                  <svg
                    aria-hidden="true"
                    class="MuiSvgIcon-root MuiSvgIcon-fontSizeMedium css-i4bv87-MuiSvgIcon-root"
                    data-testid="HomeOutlinedIcon"
                    focusable="false"
                    viewBox="0 0 24 24"
                  >
                    <path
                      d="m12 5.69 5 4.5V18h-2v-6H9v6H7v-7.81zM12 3 2 12h3v8h6v-6h2v6h6v-8h3z"
                    />
                  </svg>
                </div>
                <div
                  class="MuiListItemText-root css-tlelie-MuiListItemText-root"
                >
                  <span
                    class="MuiTypography-root MuiTypography-body1 MuiListItemText-primary css-10hburv-MuiTypography-root"
                  >
                    Dashboard
                  </span>
                </div>
                <span
                  class="MuiTouchRipple-root css-8je8zh-MuiTouchRipple-root"
                />
              </div>
            </li>
            <li
              class="MuiListItem-root MuiListItem-gutters css-1nxmd3h-MuiListItem-root"
            >
              <div
                class="MuiButtonBase-root MuiListItemButton-root MuiListItemButton-gutters MuiListItemButton-root MuiListItemButton-gutters css-1mfzeo7-MuiButtonBase-root-MuiListItemButton-root"
                role="button"
                tabindex="0"
              >
                <div
                  class="MuiListItemIcon-root css-4dc74k-MuiListItemIcon-root"
                >
                  <svg
                    aria-hidden="true"
                    class="MuiSvgIcon-root MuiSvgIcon-fontSizeMedium css-i4bv87-MuiSvgIcon-root"
                    data-testid="LanOutlinedIcon"
                    focusable="false"
                    viewBox="0 0 24 24"
                  >
                    <path
                      d="M13 22h8v-7h-3v-4h-5V9h3V2H8v7h3v2H6v4H3v7h8v-7H8v-2h8v2h-3zM10 7V4h4v3zM9 17v3H5v-3zm10 0v3h-4v-3z"
                    />
                  </svg>
                </div>
                <div
                  class="MuiListItemText-root css-tlelie-MuiListItemText-root"
                >
                  <span
                    class="MuiTypography-root MuiTypography-body1 MuiListItemText-primary css-10hburv-MuiTypography-root"
                  >
                    Task Overview
                  </span>
                </div>
                <span
                  class="MuiTouchRipple-root css-8je8zh-MuiTouchRipple-root"
                />
              </div>
            </li>
            <li
              class="MuiListItem-root MuiListItem-gutters css-1nxmd3h-MuiListItem-root"
            >
              <div
                class="MuiButtonBase-root MuiListItemButton-root MuiListItemButton-gutters MuiListItemButton-root MuiListItemButton-gutters css-1mfzeo7-MuiButtonBase-root-MuiListItemButton-root"
                role="button"
                tabindex="0"
              >
                <div
                  class="MuiListItemIcon-root css-4dc74k-MuiListItemIcon-root"
                >
                  <svg
                    aria-hidden="true"
                    class="MuiSvgIcon-root MuiSvgIcon-fontSizeMedium css-i4bv87-MuiSvgIcon-root"
                    data-testid="SsidChartOutlinedIcon"
                    focusable="false"
                    viewBox="0 0 24 24"
                  >
                    <path
                      d="M21 5.47 12 12 7.62 7.62 3 11V8.52L7.83 5l4.38 4.38L21 3zM21 15h-4.7l-4.17 3.34L6 12.41l-3 2.13V17l2.8-2 6.2 6 5-4h4z"
                    />
                  </svg>
                </div>
                <div
                  class="MuiListItemText-root css-tlelie-MuiListItemText-root"
                >
                  <span
                    class="MuiTypography-root MuiTypography-body1 MuiListItemText-primary css-10hburv-MuiTypography-root"
                  >
                    Cluster Metics
                  </span>
                </div>
                <span
                  class="MuiTouchRipple-root css-8je8zh-MuiTouchRipple-root"
                />
              </div>
            </li>
            <li
              class="MuiListItem-root MuiListItem-gutters css-1nxmd3h-MuiListItem-root"
            >
              <div
                class="MuiButtonBase-root MuiListItemButton-root MuiListItemButton-gutters MuiListItemButton-root MuiListItemButton-gutters css-1mfzeo7-MuiButtonBase-root-MuiListItemButton-root"
                role="button"
                tabindex="0"
              >
                <div
                  class="MuiListItemIcon-root css-4dc74k-MuiListItemIcon-root"
                >
                  <svg
                    aria-hidden="true"
                    class="MuiSvgIcon-root MuiSvgIcon-fontSizeMedium css-i4bv87-MuiSvgIcon-root"
                    data-testid="AssignmentOutlinedIcon"
                    focusable="false"
                    viewBox="0 0 24 24"
                  >
                    <path
                      d="M7 15h7v2H7zm0-4h10v2H7zm0-4h10v2H7zm12-4h-4.18C14.4 1.84 13.3 1 12 1c-1.3 0-2.4.84-2.82 2H5c-.14 0-.27.01-.4.04-.39.08-.74.28-1.01.55-.18.18-.33.4-.43.64-.1.23-.16.49-.16.77v14c0 .27.06.54.16.78s.25.45.43.64c.27.27.62.47 1.01.55.13.02.26.03.4.03h14c1.1 0 2-.9 2-2V5c0-1.1-.9-2-2-2m-7-.25c.41 0 .75.34.75.75s-.34.75-.75.75-.75-.34-.75-.75.34-.75.75-.75M19 19H5V5h14z"
                    />
                  </svg>
                </div>
                <div
                  class="MuiListItemText-root css-tlelie-MuiListItemText-root"
                >
                  <span
                    class="MuiTypography-root MuiTypography-body1 MuiListItemText-primary css-10hburv-MuiTypography-root"
                  >
                    Service
                  </span>
                </div>
                <span
                  class="MuiTouchRipple-root css-8je8zh-MuiTouchRipple-root"
                />
              </div>
            </li>
            <li
              class="MuiListItem-root MuiListItem-gutters css-1nxmd3h-MuiListItem-root"
            >
              <div
                class="MuiButtonBase-root MuiListItemButton-root MuiListItemButton-gutters MuiListItemButton-root MuiListItemButton-gutters css-1mfzeo7-MuiButtonBase-root-MuiListItemButton-root"
                role="button"
                tabindex="0"
              >
                <div
                  class="MuiListItemIcon-root css-4dc74k-MuiListItemIcon-root"
                >
                  <svg
                    aria-hidden="true"
                    class="MuiSvgIcon-root MuiSvgIcon-fontSizeMedium css-i4bv87-MuiSvgIcon-root"
                    data-testid="CalendarMonthOutlinedIcon"
                    focusable="false"
                    viewBox="0 0 24 24"
                  >
                    <path
                      d="M19 4h-1V2h-2v2H8V2H6v2H5c-1.11 0-1.99.9-1.99 2L3 20c0 1.1.89 2 2 2h14c1.1 0 2-.9 2-2V6c0-1.1-.9-2-2-2m0 16H5V10h14zm0-12H5V6h14zM9 14H7v-2h2zm4 0h-2v-2h2zm4 0h-2v-2h2zm-8 4H7v-2h2zm4 0h-2v-2h2zm4 0h-2v-2h2z"
                    />
                  </svg>
                </div>
                <div
                  class="MuiListItemText-root css-tlelie-MuiListItemText-root"
                >
                  <span
                    class="MuiTypography-root MuiTypography-body1 MuiListItemText-primary css-10hburv-MuiTypography-root"
                  >
                    Logs
                  </span>
                </div>
                <span
                  class="MuiTouchRipple-root css-8je8zh-MuiTouchRipple-root"
                />
              </div>
            </li>
            <p
              class="MuiTypography-root MuiTypography-body1 css-13i4hj5-MuiTypography-root"
            >
              Account Management
            </p>
            <li
              class="MuiListItem-root MuiListItem-gutters css-1nxmd3h-MuiListItem-root"
            >
              <div
                class="MuiButtonBase-root MuiListItemButton-root MuiListItemButton-gutters MuiListItemButton-root MuiListItemButton-gutters css-1mfzeo7-MuiButtonBase-root-MuiListItemButton-root"
                role="button"
                tabindex="0"
              >
                <div
                  class="MuiListItemIcon-root css-4dc74k-MuiListItemIcon-root"
                >
                  <svg
                    aria-hidden="true"
                    class="MuiSvgIcon-root MuiSvgIcon-fontSizeMedium css-i4bv87-MuiSvgIcon-root"
                    data-testid="AdminPanelSettingsOutlinedIcon"
                    focusable="false"
                    viewBox="0 0 24 24"
                  >
                    <g
                      fill-rule="evenodd"
                    >
                      <circle
                        cx="17"
                        cy="15.5"
                        r="1.12"
                      />
                      <path
                        d="M17 17.5c-.73 0-2.19.36-2.24 1.08.5.71 1.32 1.17 2.24 1.17s1.74-.46 2.24-1.17c-.05-.72-1.51-1.08-2.24-1.08"
                      />
                      <path
                        d="M18 11.09V6.27L10.5 3 3 6.27v4.91c0 4.54 3.2 8.79 7.5 9.82.55-.13 1.08-.32 1.6-.55C13.18 21.99 14.97 23 17 23c3.31 0 6-2.69 6-6 0-2.97-2.16-5.43-5-5.91M11 17c0 .56.08 1.11.23 1.62-.24.11-.48.22-.73.3-3.17-1-5.5-4.24-5.5-7.74v-3.6l5.5-2.4 5.5 2.4v3.51c-2.84.48-5 2.94-5 5.91m6 4c-2.21 0-4-1.79-4-4s1.79-4 4-4 4 1.79 4 4-1.79 4-4 4"
                      />
                    </g>
                  </svg>
                </div>
                <div
                  class="MuiListItemText-root css-tlelie-MuiListItemText-root"
                >
                  <span
                    class="MuiTypography-root MuiTypography-body1 MuiListItemText-primary css-10hburv-MuiTypography-root"
                  >
                    Setting
                  </span>
                </div>
                <span
                  class="MuiTouchRipple-root css-8je8zh-MuiTouchRipple-root"
                />
              </div>
            </li>
            <li
              class="MuiListItem-root MuiListItem-gutters css-1nxmd3h-MuiListItem-root"
            >
              <div
                class="MuiButtonBase-root MuiListItemButton-root MuiListItemButton-gutters MuiListItemButton-root MuiListItemButton-gutters css-1mfzeo7-MuiButtonBase-root-MuiListItemButton-root"
                role="button"
                tabindex="0"
              >
                <div
                  class="MuiListItemIcon-root css-4dc74k-MuiListItemIcon-root"
                >
                  <svg
                    aria-hidden="true"
                    class="MuiSvgIcon-root MuiSvgIcon-fontSizeMedium css-i4bv87-MuiSvgIcon-root"
                    data-testid="TrendingUpOutlinedIcon"
                    focusable="false"
                    viewBox="0 0 24 24"
                  >
                    <path
                      d="m16 6 2.29 2.29-4.88 4.88-4-4L2 16.59 3.41 18l6-6 4 4 6.3-6.29L22 12V6z"
                    />
                  </svg>
                </div>
                <div
                  class="MuiListItemText-root css-tlelie-MuiListItemText-root"
                >
                  <span
                    class="MuiTypography-root MuiTypography-body1 MuiListItemText-primary css-10hburv-MuiTypography-root"
                  >
                    Performance
                  </span>
                </div>
                <span
                  class="MuiTouchRipple-root css-8je8zh-MuiTouchRipple-root"
                />
              </div>
            </li>
          </ul>
        </div>
        <hr
          class="MuiDivider-root MuiDivider-fullWidth css-3p56ps-MuiDivider-root"
        />
        <div
          class="MuiBox-root css-yyi0g8"
        >
          <div
            class="MuiBox-root css-11y2fid"
          >
            <img
              alt="profile"
              class="MuiBox-root css-13yu7l2"
              src="test-file-stub"
            />
            <div
              class="MuiBox-root css-13brihr"
            >
              <p
                class="MuiTypography-root MuiTypography-body1 css-1eqs37h-MuiTypography-root"
              >
                John Doe
              </p>
            </div>
          </div>
        </div>
      </div>
    </div>
    ;
  </nav>
</div>
`;
